[client 192.168.144.4:57016] 
ParseError: Unclosed '[' on line 260 does not match ')' in /opt/drupal/web/themes/contrib/drupal8_zymphonies_theme/drupal8_zymphonies_theme.theme on line 264 #0 /opt/drupal/web/core/lib/Drupal/Core/Theme/ThemeInitialization.php(151): Drupal\\Core\\Extension\\Extension->load()\n#1 /opt/drupal/web/core/lib/Drupal/Core/Theme/ThemeInitialization.php(74): Drupal\\Core\\Theme\\ThemeInitialization->loadActiveTheme(Object(Drupal\\Core\\Theme\\ActiveTheme))\n#2 /opt/drupal/web/core/lib/Drupal/Core/Theme/ThemeManager.php(406): Drupal\\Core\\Theme\\ThemeInitialization->initTheme('swsub')\n#3 /opt/drupal/web/core/lib/Drupal/Core/Theme/ThemeManager.php(96): Drupal\\Core\\Theme\\ThemeManager->initTheme(Object(Drupal\\Core\\Routing\\RouteMatch))\n#4 /opt/drupal/web/core/lib/Drupal/Core/Cache/Context/ThemeCacheContext.php(43): Drupal\\Core\\Theme\\ThemeManager->getActiveTheme()\n#5 /opt/drupal/web/core/lib/Drupal/Core/Cache/Context/CacheContextsManager.php(118): Drupal\\Core\\Cache\\Context\\ThemeCacheContext->getContext(NULL)\n#6 /opt/drupal/web/core/lib/Drupal/Core/Render/RenderCache.php(317): Drupal\\Core\\Cache\\Context\\CacheContextsManager->convertTokensToKeys(Array)\n#7 /opt/drupal/web/core/lib/Drupal/Core/Render/RenderCache.php(66): Drupal\\Core\\Render\\RenderCache->createCacheID(Array)\n#8 /opt/drupal/web/core/lib/Drupal/Core/Render/PlaceholderingRenderCache.php(109): Drupal\\Core\\Render\\RenderCache->get(Array)\n#9 /opt/drupal/web/core/lib/Drupal/Core/Render/Renderer.php(266): Drupal\\Core\\Render\\PlaceholderingRenderCache->get(Array)\n#10 /opt/drupal/web/core/lib/Drupal/Core/Render/Renderer.php(201): Drupal\\Core\\Render\\Renderer->doRender(Array, false)\n#11 /opt/drupal/web/core/lib/Drupal/Core/Render/MainContent/HtmlRenderer.php(241): Drupal\\Core\\Render\\Renderer->render(Array, false)\n#12 /opt/drupal/web/core/lib/Drupal/Core/Render/Renderer.php(564): Drupal\\Core\\Render\\MainContent\\HtmlRenderer->Drupal\\Core\\Render\\MainContent\\{closure}()\n#13 /opt/drupal/web/core/lib/Drupal/Core/Render/MainContent/HtmlRenderer.php(242): Drupal\\Core\\Render\\Renderer->executeInRenderContext(Object(Drupal\\Core\\Render\\RenderContext), Object(Closure))\n#14 /opt/drupal/web/core/lib/Drupal/Core/Render/MainContent/HtmlRenderer.php(132): Drupal\\Core\\Render\\MainContent\\HtmlRenderer->prepare(Array, Object(Symfony\\Component\\HttpFoundation\\Request), Object(Drupal\\Core\\Routing\\CurrentRouteMatch))\n#15 /opt/drupal/web/core/lib/Drupal/Core/EventSubscriber/MainContentViewSubscriber.php(90): Drupal\\Core\\Render\\MainContent\\HtmlRenderer->renderResponse(Array, Object(Symfony\\Component\\HttpFoundation\\Request), Object(Drupal\\Core\\Routing\\CurrentRouteMatch))\n#16 [internal function]: Drupal\\Core\\EventSubscriber\\MainContentViewSubscriber->onViewRenderArray(Object(Symfony\\Component\\HttpKernel\\Event\\ViewEvent), 'kernel.view', Object(Drupal\\Component\\EventDispatcher\\ContainerAwareEventDispatcher))\n#17 /opt/drupal/web/core/lib/Drupal/Component/EventDispatcher/ContainerAwareEventDispatcher.php(142): call_user_func(Array, Object(Symfony\\Component\\HttpKernel\\Event\\ViewEvent), 'kernel.view', Object(Drupal\\Component\\EventDispatcher\\ContainerAwareEventDispatcher))\n#18 /opt/drupal/vendor/symfony/http-kernel/HttpKernel.php(163): Drupal\\Component\\EventDispatcher\\ContainerAwareEventDispatcher->dispatch(Object(Symfony\\Component\\HttpKernel\\Event\\ViewEvent), 'kernel.view')\n#19 /opt/drupal/vendor/symfony/http-kernel/HttpKernel.php(80): Symfony\\Component\\HttpKernel\\HttpKernel->handleRaw(Object(Symfony\\Component\\HttpFoundation\\Request), 1)\n#20 /opt/drupal/web/core/lib/Drupal/Core/StackMiddleware/Session.php(58): Symfony\\Component\\HttpKernel\\HttpKernel->handle(Object(Symfony\\Component\\HttpFoundation\\Request), 1, true)\n#21 /opt/drupal/web/core/lib/Drupal/Core/StackMiddleware/KernelPreHandle.php(48): Drupal\\Core\\StackMiddleware\\Session->handle(Object(Symfony\\Component\\HttpFoundation\\Request), 1, true)\n#22 /opt/drupal/web/core/modules/page_cache/src/StackMiddleware/PageCache.php(106): Drupal\\Core\\StackMiddleware\\KernelPreHandle->handle(Object(Symfony\\Component\\HttpFoundation\\Request), 1, true)\n#23 /opt/drupal/web/core/modules/page_cache/src/StackMiddleware/PageCache.php(85): Drupal\\page_cache\\StackMiddleware\\PageCache->pass(Object(Symfony\\Component\\HttpFoundation\\Request), 1, true)\n#24 /opt/drupal/web/core/lib/Drupal/Core/StackMiddleware/ReverseProxyMiddleware.php(48): Drupal\\page_cache\\StackMiddleware\\PageCache->handle(Object(Symfony\\Component\\HttpFoundation\\Request), 1, true)\n#25 /opt/drupal/web/core/lib/Drupal/Core/StackMiddleware/NegotiationMiddleware.php(51): Drupal\\Core\\StackMiddleware\\ReverseProxyMiddleware->handle(Object(Symfony\\Component\\HttpFoundation\\Request), 1, true)\n#26 /opt/drupal/vendor/stack/builder/src/Stack/StackedHttpKernel.php(23): Drupal\\Core\\StackMiddleware\\NegotiationMiddleware->handle(Object(Symfony\\Component\\HttpFoundation\\Request), 1, true)\n#27 /opt/drupal/web/core/lib/Drupal/Core/DrupalKernel.php(708): Stack\\StackedHttpKernel->handle(Object(Symfony\\Component\\HttpFoundation\\Request), 1, true)\n#28 /opt/drupal/web/index.php(19): Drupal\\Core\\DrupalKernel->handle(Object(Symfony\\Component\\HttpFoundation\\Request))\n#29 {main}, referer: http://localhost:8084/admin/appearance
